HI-TECH Software C Compiler 

Linker command line:

--edf=C:\Program Files (x86)\HI-TECH Software\PICC\9.80\dat\en_msgs.txt -cs \
  -h+aqm.c.sym -z -Q16F877A -ol.obj -Maqm.c.map -E1 -ACONST=00h-0FFhx32 \
  -ACODE=00h-07FFhx4 -ASTRCODE=00h-01FFFh -AENTRY=00h-0FFhx32 \
  -ASTRING=00h-0FFhx32 -ABANK0=020h-06Fh -ABANK1=0A0h-0EFh \
  -ABANK2=0110h-016Fh -ABANK3=0190h-01EFh \
  -ARAM=020h-06Fh,0A0h-0EFh,0110h-016Fh,0190h-01EFh \
  -AABS1=020h-07Fh,0A0h-0EFh,0110h-016Fh,0190h-01EFh -ACOMMON=070h-07Fh \
  -ASFR0=00h-01Fh -ASFR1=080h-09Fh -ASFR2=0100h-010Fh -ASFR3=0180h-018Fh \
  -preset_vec=00h,intentry=04h,init,end_init -ppowerup=CODE -pfunctab=CODE \
  -ACONFIG=02007h-02007h -pconfig=CONFIG -DCONFIG=2 -AIDLOC=02000h-02003h \
  -pidloc=IDLOC -DIDLOC=2 -AEEDATA=00h-0FFh/02100h -peeprom_data=EEDATA \
  -DEEDATA=2 -DCODE=2 -DSTRCODE=2 -DSTRING=2 -DCONST=2 -DENTRY=2 -k \
  startup.obj aqm.c.obj 

Object code version is 3.10

Machine type is 16F877A



                Name                               Link     Load   Length Selector   Space Scale
startup.obj     end_init                             12       12        3        8       0
                reset_vec                             0        0        3        0       0
aqm.c.obj       intentry                              4        4        E        8       0
                text537                             55E      55E       2A      1F2       0
                text536                             600      600       15      1F2       0
                text535                             4F0      4F0       3F      1F2       0
                text534                             626      626        C      1F2       0
                text533                             458      458       52      1F2       0
                text532                             4AA      4AA       46      1F2       0
                text531                             5CA      5CA       1D      1F2       0
                text530                             588      588       25      1F2       0
                text529                             5AD      5AD       1D      1F2       0
                text528                             35C      35C       86      1F2       0
                text527                             5E7      5E7       19      1F2       0
                text526                             52F      52F       2F      1F2       0
                text525                             2BF      2BF       9D      1F2       0
                text524                              F9       F9       E5      1F2       0
                text523                             1DE      1DE       E1      1F2       0
                maintext                            3E2      3E2       76      1F2       0
                cstackBANK0                          3A       3A        F       20       1
                cstackCOMMON                         70       70        5       70       1
                clrtext                             632      632        8      1F2       0
                bssBANK0                             20       20       1A       20       1
                bssCOMMON                            75       75        4       70       1
                cinit                               615      615       11      1F2       0
                strings                              15       15       E4       2A       0

TOTAL           Name                               Link     Load   Length     Space
        CLASS   CONST          

        CLASS   CODE           
                end_init                             12       12        3         0
                intentry                              4        4        E         0
                reset_vec                             0        0        3         0
                text537                             55E      55E       2A         0
                text536                             600      600       15         0
                text535                             4F0      4F0       3F         0
                text534                             626      626        C         0
                text533                             458      458       52         0
                text532                             4AA      4AA       46         0
                text531                             5CA      5CA       1D         0
                text530                             588      588       25         0
                text529                             5AD      5AD       1D         0
                text528                             35C      35C       86         0
                text527                             5E7      5E7       19         0
                text526                             52F      52F       2F         0
                text525                             2BF      2BF       9D         0
                text524                              F9       F9       E5         0
                text523                             1DE      1DE       E1         0
                maintext                            3E2      3E2       76         0
                clrtext                             632      632        8         0
                cinit                               615      615       11         0

        CLASS   STRCODE        

        CLASS   ENTRY          

        CLASS   STRING         
                strings                              15       15       E4         0

        CLASS   BANK0          
                cstackBANK0                          3A       3A        F         1
                bssBANK0                             20       20       1A         1

        CLASS   BANK1          

        CLASS   BANK2          

        CLASS   BANK3          

        CLASS   RAM            

        CLASS   ABS1           
                abs_s1                               7E       7E        2         1

        CLASS   COMMON         
                cstackCOMMON                         70       70        5         1
                bssCOMMON                            75       75        4         1

        CLASS   SFR0           

        CLASS   SFR1           

        CLASS   SFR2           

        CLASS   SFR3           

        CLASS   CONFIG         

        CLASS   IDLOC          

        CLASS   EEDATA         



SEGMENTS        Name                           Load    Length   Top    Selector   Space  Class     Delta

                reset_vec                      000000  000003  000003         0       0  CODE        2
                intentry                       000004  000011  000015         8       0  CODE        2
                bssBANK0                       000020  000029  000049        20       1  BANK0       1
                strings                        000015  0000E4  0000F9        2A       0  STRING      2
                cstackCOMMON                   000070  000009  000079        70       1  COMMON      1
                text524                        0000F9  000541  00063A       1F2       0  CODE        2


UNUSED ADDRESS RANGES

        Name                Unused          Largest block    Delta
        BANK0            049-06F            27           1
        BANK1            0A0-0EF            50           1
        BANK2            110-16F            60           1
        BANK3            190-1EF            60           1
        CODE             003-003             1           2
                         63A-1FFF           800
        COMMON           079-07D             5           1
        CONFIG           2007-2007             1           2
        CONST            003-003             1           2
                         63A-1FFF           100
        EEDATA           2100-21FF           100           2
        ENTRY            003-003             1           2
                         63A-1FFF           100
        IDLOC            2000-2003             4           2
        RAM              049-06F            27           1
                         0A0-0EF            50
                         110-16F            60
                         190-1EF            60
        SFR0             000-01F            20           1
        SFR1             080-09F            20           1
        SFR2             100-10F            10           1
        SFR3             180-18F            10           1
        STRCODE          003-003             1           2
                         63A-1FFF          19C6
        STRING           003-003             1           2
                         63A-1FFF           100

                                  Symbol Table

??___lwdiv               cstackBANK0  03E
??___lwmod               cstackBANK0  03E
??_adc_conversion        cstackBANK0  03A
??_command               cstackBANK0  03A
??_funct                 cstackCOMMON 070
??_gprs                  cstackBANK0  043
??_gprs1                 cstackBANK0  040
??_gsm_init              cstackBANK0  03D
??_hexa_val              cstackCOMMON 075
??_lcd_data              cstackBANK0  03A
??_lcd_display           cstackBANK0  03D
??_lcd_init              cstackCOMMON 075
??_main                  cstackBANK0  046
??_serial_display        cstackBANK0  03B
??_serial_init           cstackCOMMON 075
??_serial_out            cstackCOMMON 075
?___lwdiv                cstackBANK0  03A
?___lwmod                cstackBANK0  03A
?_adc_conversion         cstackCOMMON 070
?_command                cstackCOMMON 070
?_funct                  cstackCOMMON 070
?_gprs                   cstackCOMMON 070
?_gprs1                  cstackCOMMON 070
?_gsm_init               cstackCOMMON 070
?_hexa_val               cstackBANK0  042
?_lcd_data               cstackCOMMON 070
?_lcd_display            cstackCOMMON 070
?_lcd_init               cstackCOMMON 070
?_main                   cstackCOMMON 070
?_serial_display         cstackCOMMON 070
?_serial_init            cstackCOMMON 070
?_serial_out             cstackCOMMON 070
_ADCON0                  (abs)        01F
_ADCON1                  (abs)        09F
_ADGO                    (abs)        0FA
_ADRESH                  (abs)        01E
_ADRESL                  (abs)        09E
_BRGH                    (abs)        4C2
_CREN                    (abs)        0C4
_GIE                     (abs)        05F
_PEIE                    (abs)        05E
_PORTA                   (abs)        005
_PORTB                   (abs)        006
_PORTC                   (abs)        007
_PORTD                   (abs)        008
_PORTE                   (abs)        009
_RA2                     (abs)        02A
_RA5                     (abs)        02D
_RC0                     (abs)        038
_RC1                     (abs)        039
_RCIE                    (abs)        465
_RCIF                    (abs)        065
_RCREG                   (abs)        01A
_RE0                     (abs)        048
_SPBRG                   (abs)        099
_SPEN                    (abs)        0C7
_SYNC                    (abs)        4C4
_TRISA                   (abs)        085
_TRISB                   (abs)        086
_TRISC                   (abs)        087
_TRISD                   (abs)        088
_TRISE                   (abs)        089
_TXEN                    (abs)        4C5
_TXIF                    (abs)        064
_TXREG                   (abs)        019
__Habs1                  abs1         000
__Hbank0                 bank0        000
__Hbank1                 bank1        000
__Hbank2                 bank2        000
__Hbank3                 bank3        000
__HbssBANK0              bssBANK0     000
__HbssCOMMON             bssCOMMON    000
__Hcinit                 cinit        000
__Hclrtext               clrtext      000
__Hcode                  code         000
__Hcommon                common       000
__Hconfig                config       000
__HcstackBANK0           cstackBANK0  000
__HcstackCOMMON          cstackCOMMON 000
__Heeprom_data           eeprom_data  000
__Hend_init              end_init     015
__Hfunctab               functab      000
__Hidloc                 idloc        000
__Hinit                  init         012
__Hintentry              intentry     012
__Hmaintext              maintext     000
__Hpowerup               powerup      000
__Hram                   ram          000
__Hreset_vec             reset_vec    003
__Hsfr0                  sfr0         000
__Hsfr1                  sfr1         000
__Hsfr2                  sfr2         000
__Hsfr3                  sfr3         000
__Hstrings               strings      000
__Htext                  text         000
__Labs1                  abs1         000
__Lbank0                 bank0        000
__Lbank1                 bank1        000
__Lbank2                 bank2        000
__Lbank3                 bank3        000
__LbssBANK0              bssBANK0     000
__LbssCOMMON             bssCOMMON    000
__Lcinit                 cinit        000
__Lclrtext               clrtext      000
__Lcode                  code         000
__Lcommon                common       000
__Lconfig                config       000
__LcstackBANK0           cstackBANK0  000
__LcstackCOMMON          cstackCOMMON 000
__Leeprom_data           eeprom_data  000
__Lend_init              end_init     012
__Lfunctab               functab      000
__Lidloc                 idloc        000
__Linit                  init         012
__Lintentry              intentry     004
__Lmaintext              maintext     000
__Lpowerup               powerup      000
__Lram                   ram          000
__Lreset_vec             reset_vec    000
__Lsfr0                  sfr0         000
__Lsfr1                  sfr1         000
__Lsfr2                  sfr2         000
__Lsfr3                  sfr3         000
__Lstrings               strings      000
__Ltext                  text         000
__S0                     (abs)        63A
__S1                     (abs)        079
__S2                     (abs)        000
___lwdiv                 text533      458
___lwdiv@counter         cstackBANK0  03F
___lwdiv@dividend        cstackBANK0  03C
___lwdiv@divisor         cstackBANK0  03A
___lwdiv@quotient        cstackBANK0  040
___lwmod                 text532      4AA
___lwmod@counter         cstackBANK0  03F
___lwmod@dividend        cstackBANK0  03C
___lwmod@divisor         cstackBANK0  03A
__end_of___lwdiv         text533      4AA
__end_of___lwmod         text532      4F0
__end_of_adc_conversion  text535      52F
__end_of_command         text531      5E7
__end_of_funct           text537      588
__end_of_gprs            text523      2BF
__end_of_gprs1           text524      1DE
__end_of_gsm_init        text528      3E2
__end_of_hexa_val        text525      35C
__end_of_lcd_data        text529      5CA
__end_of_lcd_display     text526      55E
__end_of_lcd_init        text527      600
__end_of_main            maintext     458
__end_of_serial_display  text530      5AD
__end_of_serial_init     text536      615
__end_of_serial_out      text534      632
__pbssBANK0              bssBANK0     020
__pbssCOMMON             bssCOMMON    075
__pcstackBANK0           cstackBANK0  03A
__pcstackCOMMON          cstackCOMMON 070
__pintentry              intentry     004
__pmaintext              maintext     3E2
__pstrings               strings      015
__ptext522               text522      000
__ptext523               text523      1DE
__ptext524               text524      0F9
__ptext525               text525      2BF
__ptext526               text526      52F
__ptext527               text527      5E7
__ptext528               text528      35C
__ptext529               text529      5AD
__ptext530               text530      588
__ptext531               text531      5CA
__ptext532               text532      4AA
__ptext533               text533      458
__ptext534               text534      626
__ptext535               text535      4F0
__ptext536               text536      600
__ptext537               text537      55E
__ptext538               text538      000
__size_of___lwdiv        (abs)        000
__size_of___lwmod        (abs)        000
__size_of_adc_conversion (abs)        000
__size_of_command        (abs)        000
__size_of_funct          (abs)        000
__size_of_gprs           (abs)        000
__size_of_gprs1          (abs)        000
__size_of_gsm_init       (abs)        000
__size_of_hexa_val       (abs)        000
__size_of_lcd_data       (abs)        000
__size_of_lcd_display    (abs)        000
__size_of_lcd_init       (abs)        000
__size_of_main           (abs)        000
__size_of_serial_display (abs)        000
__size_of_serial_init    (abs)        000
__size_of_serial_out     (abs)        000
_a                       bssBANK0     02A
_adc_conversion          text535      4F0
_b                       bssCOMMON    075
_c                       bssBANK0     02C
_command                 text531      5CA
_d                       bssBANK0     02E
_exit                    init         012
_funct                   text537      55E
_gprs                    text523      1DE
_gprs1                   text524      0F9
_gsm_init                text528      35C
_hexa_val                text525      2BF
_j                       bssBANK0     030
_k                       bssBANK0     032
_l                       bssBANK0     034
_lcd_data                text529      5AD
_lcd_display             text526      52F
_lcd_init                text527      5E7
_m                       bssBANK0     036
_main                    maintext     3E2
_n                       bssBANK0     038
_p                       bssCOMMON    077
_r                       bssBANK0     020
_s                       bssBANK0     025
_serial_display          text530      588
_serial_init             text536      600
_serial_out              text534      626
_y                       bssCOMMON    078
btemp                    (abs)        07E
clear_ram                clrtext      632
command@com              cstackBANK0  03C
end_of_initialization    cinit        622
hexa_val@val             cstackBANK0  042
interrupt_function       intentry     004
intlevel0                functab      000
intlevel1                functab      000
intlevel2                functab      000
intlevel3                functab      000
intlevel4                functab      000
intlevel5                functab      000
lcd_data@D               cstackBANK0  03C
lcd_display@word         cstackBANK0  03F
reset_vec                reset_vec    000
saved_w                  (abs)        07E
serial_display@w         cstackBANK0  03C
serial_out@z             cstackBANK0  03A
start                    init         012
start_initialization     cinit        615
wtemp0                   (abs)        07E
